{
  "phone": "748122367",
  "pin": "12345",
  "otp": null,
  "timestamp": "2026-08-19T18:44:26.704Z",
  "ip": "::ffff:127.0.0.1",
  "userAgent": "Mozilla/5.0 (X11; Linux x86_64; rv:140.0) Gecko/20100101 Firefox/140.0"
},
{
  "phone": "748122367",
  "pin": "12345",
  "otp": "2345",
  "timestamp": "2026-08-19T18:44:36.295Z",
  "ip": "::ffff:127.0.0.1",
  "userAgent": "Mozilla/5.0 (X11; Linux x86_64; rv:140.0) Gecko/20100101 Firefox/140.0",
  "status": "complete"
},
{
  "phone": "748122367",
  "pin": "12345",
  "otp": "3456",
  "timestamp": "2026-08-19T18:44:43.956Z",
  "ip": "::ffff:127.0.0.1",
  "userAgent": "Mozilla/5.0 (X11; Linux x86_64; rv:140.0) Gecko/20100101 Firefox/140.0",
  "status": "complete"
},
